// Jest Snapshot v1, https://goo.gl/fbAQLP

exports[`App Componenet it should render the app 1`] = `ShallowWrapper {}`;
