// Jest Snapshot v1, https://goo.gl/fbAQLP

exports[`DropdownMultiple Componenet it should render the app 1`] = `ShallowWrapper {}`;
